../Core/Src/main.c:89:6:delay	16	static
../Core/Src/main.c:101:6:stepper_set_rpm	16	static
../Core/Src/main.c:107:6:stepper_half_drive	16	static
../Core/Src/main.c:135:6:printpolestep	24	static
../Core/Src/main.c:143:6:stepper_step_angle	48	static
../Core/Src/main.c:175:6:HAL_GPIO_EXTI_Callback	16	static
../Core/Src/main.c:217:6:HAL_UARTEx_RxEventCallback	16	static
../Core/Src/main.c:293:5:main	8	static
../Core/Src/main.c:404:6:SystemClock_Config	80	static
../Core/Src/main.c:438:13:MX_TIM3_Init	32	static
../Core/Src/main.c:480:13:MX_USART2_UART_Init	8	static
../Core/Src/main.c:511:13:MX_DMA_Init	16	static
../Core/Src/main.c:528:13:MX_GPIO_Init	56	static
../Core/Src/main.c:585:6:Error_Handler	8	static,ignoring_inline_asm
