../Core/Src/main.c:89:6:delay	16	static
../Core/Src/main.c:105:6:stepper_set_rpm	16	static
../Core/Src/main.c:111:6:stepper_half_drive	16	static
../Core/Src/main.c:139:6:stepper_step_angle	48	static
../Core/Src/main.c:171:6:HAL_GPIO_EXTI_Callback	16	static
../Core/Src/main.c:210:6:HAL_UARTEx_RxEventCallback	24	static
../Core/Src/main.c:226:6:printpolestep	16	static
../Core/Src/main.c:232:6:tx_msg	24	static
../Core/Src/main.c:244:5:main	8	static
../Core/Src/main.c:354:6:SystemClock_Config	80	static
../Core/Src/main.c:391:13:MX_TIM2_Init	32	static
../Core/Src/main.c:436:13:MX_USART2_UART_Init	8	static
../Core/Src/main.c:469:13:MX_DMA_Init	16	static
../Core/Src/main.c:487:13:MX_GPIO_Init	56	static
../Core/Src/main.c:544:6:Error_Handler	8	static,ignoring_inline_asm
